Archive member included to satisfy reference by file (symbol)

/opt/ra08_custom/drivers/crypto/lib/libcrypto.a(aes.o)
                              out/cmac.o (aes_init)
/opt/arm-gcc/bin/../lib/gcc/arm-none-eabi/13.2.1/thumb/v7e-m/nofp/libgcc.a(_arm_muldf3.o)
                              out/printf-stdarg.o (__aeabi_dmul)
/opt/arm-gcc/bin/../lib/gcc/arm-none-eabi/13.2.1/thumb/v7e-m/nofp/libgcc.a(_arm_addsubdf3.o)
                              out/printf-stdarg.o (__aeabi_dsub)
/opt/arm-gcc/bin/../lib/gcc/arm-none-eabi/13.2.1/thumb/v7e-m/nofp/libgcc.a(_arm_muldivdf3.o)
                              out/printf-stdarg.o (__aeabi_ddiv)
/opt/arm-gcc/bin/../lib/gcc/arm-none-eabi/13.2.1/thumb/v7e-m/nofp/libgcc.a(_arm_cmpdf2.o)
                              out/printf-stdarg.o (__aeabi_dcmpeq)
/opt/arm-gcc/bin/../lib/gcc/arm-none-eabi/13.2.1/thumb/v7e-m/nofp/libgcc.a(_arm_fixdfsi.o)
                              out/printf-stdarg.o (__aeabi_d2iz)
/opt/arm-gcc/bin/../lib/gcc/arm-none-eabi/13.2.1/thumb/v7e-m/nofp/libgcc.a(_arm_fixunsdfsi.o)
                              out/printf-stdarg.o (__aeabi_d2uiz)
/opt/arm-gcc/bin/../lib/gcc/arm-none-eabi/13.2.1/thumb/v7e-m/nofp/libgcc.a(_aeabi_uldivmod.o)
                              out/printf-stdarg.o (__aeabi_uldivmod)
/opt/arm-gcc/bin/../lib/gcc/arm-none-eabi/13.2.1/thumb/v7e-m/nofp/libgcc.a(_fixunsdfdi.o)
                              out/rtc-board.o (__aeabi_d2ulz)
/opt/arm-gcc/bin/../lib/gcc/arm-none-eabi/13.2.1/thumb/v7e-m/nofp/libgcc.a(_udivmoddi4.o)
                              /opt/arm-gcc/bin/../lib/gcc/arm-none-eabi/13.2.1/thumb/v7e-m/nofp/libgcc.a(_aeabi_uldivmod.o) (__udivmoddi4)
/opt/arm-gcc/bin/../lib/gcc/arm-none-eabi/13.2.1/thumb/v7e-m/nofp/libgcc.a(_dvmd_tls.o)
                              /opt/arm-gcc/bin/../lib/gcc/arm-none-eabi/13.2.1/thumb/v7e-m/nofp/libgcc.a(_aeabi_uldivmod.o) (__aeabi_ldiv0)
/opt/arm-gcc/bin/../lib/gcc/arm-none-eabi/13.2.1/../../../../arm-none-eabi/lib/thumb/v7e-m/nofp/libc.a(libc_a-exit.o)
                              /opt/arm-gcc/bin/../lib/gcc/arm-none-eabi/13.2.1/../../../../arm-none-eabi/lib/thumb/v7e-m/nofp/crt0.o (exit)
/opt/arm-gcc/bin/../lib/gcc/arm-none-eabi/13.2.1/../../../../arm-none-eabi/lib/thumb/v7e-m/nofp/libc.a(libc_a-__call_atexit.o)
                              /opt/arm-gcc/bin/../lib/gcc/arm-none-eabi/13.2.1/../../../../arm-none-eabi/lib/thumb/v7e-m/nofp/libc.a(libc_a-exit.o) (__call_exitprocs)
/opt/arm-gcc/bin/../lib/gcc/arm-none-eabi/13.2.1/../../../../arm-none-eabi/lib/thumb/v7e-m/nofp/libc.a(libc_a-memset.o)
                              /opt/arm-gcc/bin/../lib/gcc/arm-none-eabi/13.2.1/../../../../arm-none-eabi/lib/thumb/v7e-m/nofp/crt0.o (memset)
/opt/arm-gcc/bin/../lib/gcc/arm-none-eabi/13.2.1/../../../../arm-none-eabi/lib/thumb/v7e-m/nofp/libc.a(libc_a-init.o)
                              /opt/arm-gcc/bin/../lib/gcc/arm-none-eabi/13.2.1/../../../../arm-none-eabi/lib/thumb/v7e-m/nofp/crt0.o (__libc_init_array)
/opt/arm-gcc/bin/../lib/gcc/arm-none-eabi/13.2.1/../../../../arm-none-eabi/lib/thumb/v7e-m/nofp/libc.a(libc_a-fini.o)
                              /opt/arm-gcc/bin/../lib/gcc/arm-none-eabi/13.2.1/../../../../arm-none-eabi/lib/thumb/v7e-m/nofp/libc.a(libc_a-__call_atexit.o) (__libc_fini_array)
/opt/arm-gcc/bin/../lib/gcc/arm-none-eabi/13.2.1/../../../../arm-none-eabi/lib/thumb/v7e-m/nofp/libc.a(libc_a-lock.o)
                              /opt/arm-gcc/bin/../lib/gcc/arm-none-eabi/13.2.1/../../../../arm-none-eabi/lib/thumb/v7e-m/nofp/libc.a(libc_a-__call_atexit.o) (__retarget_lock_acquire_recursive)
/opt/arm-gcc/bin/../lib/gcc/arm-none-eabi/13.2.1/../../../../arm-none-eabi/lib/thumb/v7e-m/nofp/libc.a(libc_a-atexit.o)
                              /opt/arm-gcc/bin/../lib/gcc/arm-none-eabi/13.2.1/../../../../arm-none-eabi/lib/thumb/v7e-m/nofp/libc.a(libc_a-__call_atexit.o) (atexit)
/opt/arm-gcc/bin/../lib/gcc/arm-none-eabi/13.2.1/../../../../arm-none-eabi/lib/thumb/v7e-m/nofp/libc.a(libc_a-findfp.o)
                              /opt/arm-gcc/bin/../lib/gcc/arm-none-eabi/13.2.1/../../../../arm-none-eabi/lib/thumb/v7e-m/nofp/libc.a(libc_a-exit.o) (__stdio_exit_handler)
/opt/arm-gcc/bin/../lib/gcc/arm-none-eabi/13.2.1/../../../../arm-none-eabi/lib/thumb/v7e-m/nofp/libc.a(libc_a-memcpy.o)
                              out/tremo_flash.o (memcpy)
/opt/arm-gcc/bin/../lib/gcc/arm-none-eabi/13.2.1/../../../../arm-none-eabi/lib/thumb/v7e-m/nofp/libc.a(libc_a-stdio.o)
                              /opt/arm-gcc/bin/../lib/gcc/arm-none-eabi/13.2.1/../../../../arm-none-eabi/lib/thumb/v7e-m/nofp/libc.a(libc_a-findfp.o) (__sread)
/opt/arm-gcc/bin/../lib/gcc/arm-none-eabi/13.2.1/../../../../arm-none-eabi/lib/thumb/v7e-m/nofp/libc.a(libc_a-fwalk.o)
                              /opt/arm-gcc/bin/../lib/gcc/arm-none-eabi/13.2.1/../../../../arm-none-eabi/lib/thumb/v7e-m/nofp/libc.a(libc_a-findfp.o) (_fwalk_sglue)
[...]
Memory Configuration

Name             Origin             Length             Attributes
FLASH            0x08000000         0x00020000         xr
RAM              0x20000000         0x00004000         xrw
*default*        0x00000000         0xffffffff

Linker script and memory map

LOAD /opt/arm-gcc/bin/../lib/gcc/arm-none-eabi/13.2.1/thumb/v7e-m/nofp/crti.o
LOAD /opt/arm-gcc/bin/../lib/gcc/arm-none-eabi/13.2.1/thumb/v7e-m/nofp/crtbegin.o
LOAD /opt/arm-gcc/bin/../lib/gcc/arm-none-eabi/13.2.1/../../../../arm-none-eabi/lib/thumb/v7e-m/nofp/crt0.o
LOAD out/classA.o
LOAD out/main.o
LOAD out/tremo_it.o
LOAD out/printf-stdarg.o
LOAD out/system_cm4.o
LOAD out/tremo_adc.o
LOAD out/tremo_bstimer.o
LOAD out/tremo_crc.o
LOAD out/tremo_dac.o
LOAD out/tremo_delay.o
LOAD out/tremo_dma.o
LOAD out/tremo_flash.o
LOAD out/tremo_gpio.o
LOAD out/tremo_i2c.o
LOAD out/tremo_i2s.o
LOAD out/tremo_iwdg.o
LOAD out/tremo_lcd.o
LOAD out/tremo_lptimer.o
LOAD out/tremo_lpuart.o
LOAD out/tremo_pwr.o
LOAD out/tremo_rcc.o
LOAD out/tremo_rtc.o
LOAD out/tremo_spi.o
LOAD out/tremo_system.o
LOAD out/tremo_timer.o
LOAD out/tremo_uart.o
LOAD out/tremo_wdg.o
LOAD out/delay.o
LOAD out/timer.o
LOAD out/cmac.o
LOAD out/radio.o
LOAD out/sx126x.o
LOAD out/rtc-board.o
LOAD out/sx1262-board.o
LOAD out/utilities.o
LOAD out/LoRaMac.o
LOAD out/LoRaMacClassB.o
LOAD out/LoRaMacConfirmQueue.o
LOAD out/LoRaMacCrypto.o
LOAD out/Region.o
LOAD out/RegionCommon.o
LOAD out/RegionEU433.o
LOAD out/startup_cm4.o
LOAD /opt/ra08_custom/drivers/crypto/lib/libcrypto.a
START GROUP
LOAD /opt/arm-gcc/bin/../lib/gcc/arm-none-eabi/13.2.1/thumb/v7e-m/nofp/libgcc.a
LOAD /opt/arm-gcc/bin/../lib/gcc/arm-none-eabi/13.2.1/../../../../arm-none-eabi/lib/thumb/v7e-m/nofp/libc.a
END GROUP
LOAD /opt/arm-gcc/bin/../lib/gcc/arm-none-eabi/13.2.1/thumb/v7e-m/nofp/crtend.o
LOAD /opt/arm-gcc/bin/../lib/gcc/arm-none-eabi/13.2.1/thumb/v7e-m/nofp/crtn.o
                0x20004000                        _estack = 0x20004000
                0x00000000                        _HEAP_SIZE = 0x0
                0x00001000                        _STACK_SIZE = 0x1000

.isr_vector     0x08000000       0xd4
                0x08000000                        . = ALIGN (0x4)
 *(.isr_vector)
 .isr_vector    0x08000000       0xd4 out/startup_cm4.o
                0x08000000                g_pfnVectors
                0x080000d4                        . = ALIGN (0x4)

.text           0x080000d8     0x8fe8
                0x080000d8                        . = ALIGN (0x4)
 *(.text)
 .text          0x080000d8      0x1ec /opt/ra08_custom/drivers/crypto/lib/libcrypto.a(aes.o)
                0x080000d8                aes_init
                0x080001e8                aes_crypto
                0x0800028c                aes_close
 .text          0x080002c4      0x378 /opt/arm-gcc/bin/../lib/gcc/arm-none-eabi/13.2.1/thumb/v7e-m/nofp/libgcc.a(_arm_addsubdf3.o)
                0x080002c4                __aeabi_drsub
                0x080002cc                __aeabi_dsub
                0x080002cc                __subdf3
                0x080002d0                __adddf3
                0x080002d0                __aeabi_dadd
                0x08000548                __aeabi_ui2d
                0x08000548                __floatunsidf
                0x08000568                __floatsidf
                0x08000568                __aeabi_i2d
                0x0800058c                __extendsfdf2
                0x0800058c                __aeabi_f2d
                0x080005d0                __aeabi_ul2d
                0x080005d0                __floatundidf
                0x080005e0                __floatdidf
                0x080005e0                __aeabi_l2d
 .text          0x0800063c      0x424 /opt/arm-gcc/bin/../lib/gcc/arm-none-eabi/13.2.1/thumb/v7e-m/nofp/libgcc.a(_arm_muldivdf3.o)
                0x0800063c                __aeabi_dmul
                0x0800063c                __muldf3
                0x08000890                __aeabi_ddiv
                0x08000890                __divdf3
 .text          0x08000a60      0x110 /opt/arm-gcc/bin/../lib/gcc/arm-none-eabi/13.2.1/thumb/v7e-m/nofp/libgcc.a(_arm_cmpdf2.o)
                0x08000a60                __gtdf2
                0x08000a60                __gedf2
                0x08000a68                __ltdf2
                0x08000a68                __ledf2
                0x08000a70                __cmpdf2
                0x08000a70                __eqdf2
                0x08000a70                __nedf2
                0x08000aec                __aeabi_cdrcmple
                0x08000afc                __aeabi_cdcmple
                0x08000afc                __aeabi_cdcmpeq
                0x08000b0c                __aeabi_dcmpeq
                0x08000b20                __aeabi_dcmplt
                0x08000b34                __aeabi_dcmple
                0x08000b48                __aeabi_dcmpge
                0x08000b5c                __aeabi_dcmpgt
 .text          0x08000b70       0x50 /opt/arm-gcc/bin/../lib/gcc/arm-none-eabi/13.2.1/thumb/v7e-m/nofp/libgcc.a(_arm_fixdfsi.o)
                0x08000b70                __fixdfsi
                0x08000b70                __aeabi_d2iz
 .text          0x08000bc0       0x40 /opt/arm-gcc/bin/../lib/gcc/arm-none-eabi/13.2.1/thumb/v7e-m/nofp/libgcc.a(_arm_fixunsdfsi.o)
                0x08000bc0                __fixunsdfsi
                0x08000bc0                __aeabi_d2uiz
 .text          0x08000c00       0x30 /opt/arm-gcc/bin/../lib/gcc/arm-none-eabi/13.2.1/thumb/v7e-m/nofp/libgcc.a(_aeabi_uldivmod.o)
                0x08000c00                __aeabi_uldivmod
 .text          0x08000c30        0x4 /opt/arm-gcc/bin/../lib/gcc/arm-none-eabi/13.2.1/thumb/v7e-m/nofp/libgcc.a(_dvmd_tls.o)
                0x08000c30                __aeabi_ldiv0
                0x08000c30                __aeabi_idiv0
 .text          0x08000c34      0x134 /opt/arm-gcc/bin/../lib/gcc/arm-none-eabi/13.2.1/../../../../arm-none-eabi/lib/thumb/v7e-m/nofp/libc.a(libc_a-memcpy.o)
                0x08000c34                memcpy
 *(.text*)
 .text.deregister_tm_clones
                0x08000d68       0x1c /opt/arm-gcc/bin/../lib/gcc/arm-none-eabi/13.2.1/thumb/v7e-m/nofp/crtbegin.o
 .text.register_tm_clones
                0x08000d84       0x24 /opt/arm-gcc/bin/../lib/gcc/arm-none-eabi/13.2.1/thumb/v7e-m/nofp/crtbegin.o
 .text.__do_global_dtors_aux
                0x08000da8       0x28 /opt/arm-gcc/bin/../lib/gcc/arm-none-eabi/13.2.1/thumb/v7e-m/nofp/crtbegin.o
 .text.frame_dummy
                0x08000dd0       0x24 /opt/arm-gcc/bin/../lib/gcc/arm-none-eabi/13.2.1/thumb/v7e-m/nofp/crtbegin.o
 .text.McpsConfirm
                0x08000df4        0xc out/classA.o
 .text.BoardGetBatteryLevel
                0x08000e00        0x4 out/classA.o
                0x08000e00                BoardGetBatteryLevel
 .text.MlmeConfirm
                0x08000e04       0x64 out/classA.o
 .text.OnTxNextPacketTimerEvent
                0x08000e68       0x5c out/classA.o
 .text.MlmeIndication
                0x08000ec4        0xe out/classA.o
 *fill*         0x08000ed2        0x2 
 .text.McpsIndication
                0x08000ed4       0x30 out/classA.o
 .text.app_start
                0x08000f04      0x19c out/classA.o
                0x08000f04                app_start
 .text.uart_log_init
                0x080010a0       0x40 out/main.o
                0x080010a0                uart_log_init
 .text.board_init
                0x080010e0       0x5e out/main.o
                0x080010e0                board_init
 .text.startup.main
                0x0800113e        0xe out/main.o
                0x0800113e                main
 .text.NMI_Handler
                0x0800114c        0x2 out/tremo_it.o
                0x0800114c                NMI_Handler
 .text.HardFault_Handler
                0x0800114e        0x2 out/tremo_it.o
                0x0800114e                HardFault_Handler
 .text.MemManage_Handler
                0x08001150        0x2 out/tremo_it.o
                0x08001150                MemManage_Handler
 .text.BusFault_Handler
                0x08001152        0x2 out/tremo_it.o
                0x08001152                BusFault_Handler
 .text.UsageFault_Handler
                0x08001154        0x2 out/tremo_it.o
                0x08001154                UsageFault_Handler
 .text.SVC_Handler
                0x08001156        0x2 out/tremo_it.o
                0x08001156                SVC_Handler
 .text.PendSV_Handler
                0x08001158        0x2 out/tremo_it.o
                0x08001158                PendSV_Handler
 .text.SysTick_Handler
                0x0800115a        0x2 out/tremo_it.o
                0x0800115a                SysTick_Handler
 .text.PWR_IRQHandler
                0x0800115c        0x2 out/tremo_it.o
                0x0800115c                PWR_IRQHandler
 .text.LORA_IRQHandler
                0x0800115e        0x4 out/tremo_it.o
                0x0800115e                LORA_IRQHandler
 .text.RTC_IRQHandler
                0x08001162        0x4 out/tremo_it.o
                0x08001162                RTC_IRQHandler
 .text._out_null
                0x08001166        0x2 out/printf-stdarg.o
 .text._out_rev
                0x08001168       0x88 out/printf-stdarg.o
 .text._ntoa_format
                0x080011f0      0x114 out/printf-stdarg.o
 .text._ntoa_long
                0x08001304       0x84 out/printf-stdarg.o
 .text._ntoa_long_long
                0x08001388       0xa0 out/printf-stdarg.o
 .text._etoa    0x08001428      0x374 out/printf-stdarg.o
 *fill*         0x0800179c        0x4 
 .text._ftoa    0x080017a0      0x304 out/printf-stdarg.o
 .text._out_char
                0x08001aa4       0x10 out/printf-stdarg.o
 .text._vsnprintf
                0x08001ab4      0x518 out/printf-stdarg.o
 .text.__wrap_printf
                0x08001fcc       0x28 out/printf-stdarg.o
                0x08001fcc                __wrap_printf
 .text.nvic_init
                0x08001ff4       0x24 out/system_cm4.o
                0x08001ff4                nvic_init
 .text.system_init
                0x08002018       0x44 out/system_cm4.o
                0x08002018                system_init
 .text.delay_init
                0x0800205c       0x48 out/tremo_delay.o
                0x0800205c                delay_init
 .text.delay_us
                0x080020a4       0x38 out/tremo_delay.o
                0x080020a4                delay_us
 .text.delay_ms
                0x080020dc        0xa out/tremo_delay.o
                0x080020dc                delay_ms
 *fill*         0x080020e6        0x2 
 .text.gpio_init
                0x080020e8      0x120 out/tremo_gpio.o
                0x080020e8                gpio_init
 .text.gpio_set_iomux
                0x08002208       0x44 out/tremo_gpio.o
                0x08002208                gpio_set_iomux
 .text.deepsleep
                0x0800224c       0xc8 out/tremo_pwr.o
                0x0800224c                deepsleep
 .text.pwr_deepsleep_wfi
                0x08002314        0x6 out/tremo_pwr.o
                0x08002314                pwr_deepsleep_wfi
 *fill*         0x0800231a        0x2 
 .text.rcc_get_clk_freq
                0x0800231c       0xa0 out/tremo_rcc.o
                0x0800231c                rcc_get_clk_freq
 .text.rcc_get_uart0_clk_source
                0x080023bc        0xc out/tremo_rcc.o
                0x080023bc                rcc_get_uart0_clk_source
 .text.rcc_get_uart1_clk_source
                0x080023c8        0xc out/tremo_rcc.o
                0x080023c8                rcc_get_uart1_clk_source
 .text.rcc_get_uart2_clk_source
                0x080023d4        0xc out/tremo_rcc.o
                0x080023d4                rcc_get_uart2_clk_source
 .text.rcc_get_uart3_clk_source
                0x080023e0        0xc out/tremo_rcc.o
                0x080023e0                rcc_get_uart3_clk_source
 .text.rcc_enable_peripheral_clk
                0x080023ec      0x4fe out/tremo_rcc.o
                0x080023ec                rcc_enable_peripheral_clk
 *fill*         0x080028ea        0x2 
 .text.rcc_enable_oscillator
                0x080028ec       0xfc out/tremo_rcc.o
                0x080028ec                rcc_enable_oscillator
 .text.rcc_rst_peripheral
                0x080029e8       0x74 out/tremo_rcc.o
                0x080029e8                rcc_rst_peripheral
 .text.rtc_deinit
                0x08002a5c       0x1e out/tremo_rtc.o
                0x08002a5c                rtc_deinit
 *fill*         0x08002a7a        0x2 
 .text.rtc_check_syn
                0x08002a7c       0x14 out/tremo_rtc.o
                0x08002a7c                rtc_check_syn
 .text.rtc_calendar_cmd
                0x08002a90       0x20 out/tremo_rtc.o
                0x08002a90                rtc_calendar_cmd
 .text.rtc_cyc_cmd
                0x08002ab0       0x20 out/tremo_rtc.o
                0x08002ab0                rtc_cyc_cmd
 .text.rtc_config_cyc_wakeup
                0x08002ad0       0x24 out/tremo_rtc.o
                0x08002ad0                rtc_config_cyc_wakeup
 .text.rtc_get_calendar
                0x08002af4       0xc8 out/tremo_rtc.o
                0x08002af4                rtc_get_calendar
 .text.rtc_set_status
                0x08002bbc       0x3c out/tremo_rtc.o
                0x08002bbc                rtc_set_status
 .text.rtc_get_status
                0x08002bf8       0x44 out/tremo_rtc.o
                0x08002bf8                rtc_get_status
 .text.rtc_config_interrupt
                0x08002c3c       0x40 out/tremo_rtc.o
                0x08002c3c                rtc_config_interrupt
 .text.rtc_config_cyc_max
                0x08002c7c       0x14 out/tremo_rtc.o
                0x08002c7c                rtc_config_cyc_max
 .text.uart_send_data
                0x08002c90        0xa out/tremo_uart.o
                0x08002c90                uart_send_data
 .text.uart_config_init
                0x08002c9a       0x18 out/tremo_uart.o
                0x08002c9a                uart_config_init
 .text.uart_cmd
                0x08002cb2       0x12 out/tremo_uart.o
                0x08002cb2                uart_cmd
 .text.uart_init
                0x08002cc4      0x148 out/tremo_uart.o
                0x08002cc4                uart_init
 .text.DelayMs  0x08002e0c        0x4 out/delay.o
                0x08002e0c                DelayMs
 .text.TimeStampsUpdate
                0x08002e10       0x2c out/timer.o
 .text.TimerInsertNewHeadTimer
                0x08002e3c       0x1c out/timer.o
 .text.TimerSetSysTime
                0x08002e58       0x30 out/timer.o
                0x08002e58                TimerSetSysTime
 .text.TimerInit
                0x08002e88       0x10 out/timer.o
                0x08002e88                TimerInit
 .text.TimerStart
                0x08002e98       0x78 out/timer.o
                0x08002e98                TimerStart
 .text.TimerIrqHandler
                0x08002f10       0x74 out/timer.o
                0x08002f10                TimerIrqHandler
 .text.TimerStop
                0x08002f84       0x5c out/timer.o
                0x08002f84                TimerStop
 .text.TimerSetValue
                0x08002fe0       0x10 out/timer.o
                0x08002fe0                TimerSetValue
 .text.TimerGetCurrentTime
                0x08002ff0       0x18 out/timer.o
                0x08002ff0                TimerGetCurrentTime
 .text.TimerGetSysTime
                0x08003008       0x1a out/timer.o
                0x08003008                TimerGetSysTime
 .text.TimerGetElapsedTime
                0x08003022       0x12 out/timer.o
                0x08003022                TimerGetElapsedTime
 .text.TimerLowPowerHandler
                0x08003034       0x20 out/timer.o
                0x08003034                TimerLowPowerHandler
 .text.AES_CMAC_Init
                0x08003054       0x14 out/cmac.o
                0x08003054                AES_CMAC_Init
 .text.AES_CMAC_SetKey
                0x08003068        0xc out/cmac.o
                0x08003068                AES_CMAC_SetKey
 .text.AES_CMAC_Update
                0x08003074       0xb4 out/cmac.o
                0x08003074                AES_CMAC_Update
 .text.AES_CMAC_Final
                0x08003128      0x162 out/cmac.o
                0x08003128                AES_CMAC_Final
 .text.RadioCheckRfFrequency
                0x0800328a        0x4 out/radio.o
                0x0800328a                RadioCheckRfFrequency
 *fill*         0x0800328e        0x2 
 .text.RadioOnTxTimeoutIrq
                0x08003290       0x14 out/radio.o
                0x08003290                RadioOnTxTimeoutIrq
 .text.RadioOnRxTimeoutIrq
                0x080032a4       0x14 out/radio.o
                0x080032a4                RadioOnRxTimeoutIrq
 .text.RadioStandby
                0x080032b8        0x6 out/radio.o
                0x080032b8                RadioStandby
 *fill*         0x080032be        0x2 
 .text.RadioInit
                0x080032c0       0x6c out/radio.o
                0x080032c0                RadioInit
 .text.RadioGetStatus
                0x0800332c       0x18 out/radio.o
                0x0800332c                RadioGetStatus
 .text.RadioSetChannel
                0x08003344        0x4 out/radio.o
                0x08003344                RadioSetChannel
 .text.RadioRssi
                0x08003348        0x8 out/radio.o
                0x08003348                RadioRssi
 .text.RadioRead
                0x08003350        0x4 out/radio.o
                0x08003350                RadioRead
 .text.RadioWrite
                0x08003354        0x4 out/radio.o
                0x08003354                RadioWrite
 .text.RadioSend
                0x08003358       0x58 out/radio.o
                0x08003358                RadioSend
 .text.RadioSleep
                0x080033b0       0x14 out/radio.o
                0x080033b0                RadioSleep
 .text.RadioSetRxDutyCycle
                0x080033c4        0x4 out/radio.o
                0x080033c4                RadioSetRxDutyCycle
 .text.RadioStartCad
                0x080033c8       0x6c out/radio.o
                0x080033c8                RadioStartCad
 .text.RadioSetTxContinuousWave
                0x08003434       0x4c out/radio.o
                0x08003434                RadioSetTxContinuousWave
 .text.RadioWriteBuffer
                0x08003480        0x4 out/radio.o
                0x08003480                RadioWriteBuffer
 .text.RadioReadBuffer
                0x08003484        0x4 out/radio.o
                0x08003484                RadioReadBuffer
 .text.RadioGetWakeupTime
                0x08003488        0xa out/radio.o
                0x08003488                RadioGetWakeupTime
 *fill*         0x08003492        0x2 
 .text.RadioOnCadTimeoutIrq
                0x08003494       0x20 out/radio.o
                0x08003494                RadioOnCadTimeoutIrq
 .text.RadioGetFskBandwidthRegValue
                0x080034b4       0x34 out/radio.o
 .text.RadioSetMaxPayloadLength
                0x080034e8       0x30 out/radio.o
                0x080034e8                RadioSetMaxPayloadLength
 .text.RadioRx  0x08003518       0x48 out/radio.o
                0x08003518                RadioRx
 .text.RadioRxBoosted
                0x08003560       0x44 out/radio.o
                0x08003560                RadioRxBoosted
 .text.RadioIrqProcess
                0x080035a4      0x178 out/radio.o
                0x080035a4                RadioIrqProcess
 .text.RadioSetPublicNetwork
                0x0800371c       0x40 out/radio.o
                0x0800371c                RadioSetPublicNetwork
 .text.RadioSetModem.part.0
                0x0800375c       0x28 out/radio.o
 .text.RadioSetModem
                0x08003784       0x24 out/radio.o
                0x08003784                RadioSetModem
 .text.RadioIsChannelFree
                0x080037a8       0x4a out/radio.o
                0x080037a8                RadioIsChannelFree
 .text.RadioRandom
                0x080037f2       0x38 out/radio.o
                0x080037f2                RadioRandom
 *fill*         0x0800382a        0x2 
 .text.RadioSymbTime
                0x0800382c       0x2c out/radio.o
                0x0800382c                RadioSymbTime
 .text.RadioSetRxConfig
                0x08003858      0x228 out/radio.o
                0x08003858                RadioSetRxConfig
 .text.RadioSetTxConfig
                0x08003a80      0x1a4 out/radio.o
                0x08003a80                RadioSetTxConfig
 *fill*         0x08003c24        0x4 
 .text.RadioTimeOnAir
                0x08003c28      0x190 out/radio.o
                0x08003c28                RadioTimeOnAir
 .text.RadioOnDioIrq
                0x08003db8       0x24 out/radio.o
                0x08003db8                RadioOnDioIrq
 .text.SX126xGetOperatingMode
                0x08003ddc        0xc out/sx126x.o
                0x08003ddc                SX126xGetOperatingMode
 .text.SX126xSetOperatingMode
                0x08003de8        0xc out/sx126x.o
                0x08003de8                SX126xSetOperatingMode
 .text.SX126xCheckDeviceReady
                0x08003df4       0x24 out/sx126x.o
                0x08003df4                SX126xCheckDeviceReady
 .text.SX126xSetPayload
                0x08003e18        0xa out/sx126x.o
                0x08003e18                SX126xSetPayload
 .text.SX126xSetSyncWord
                0x08003e22       0x12 out/sx126x.o
                0x08003e22                SX126xSetSyncWord
 .text.SX126xSetCrcSeed
                0x08003e34       0x24 out/sx126x.o
                0x08003e34                SX126xSetCrcSeed
 .text.SX126xSetCrcPolynomial
                0x08003e58       0x24 out/sx126x.o
                0x08003e58                SX126xSetCrcPolynomial
 .text.SX126xSetWhiteningSeed
                0x08003e7c       0x38 out/sx126x.o
                0x08003e7c                SX126xSetWhiteningSeed
 .text.SX126xSetSleep
                0x08003eb4       0x24 out/sx126x.o
                0x08003eb4                SX126xSetSleep
 .text.SX126xSetStandby
                0x08003ed8       0x2c out/sx126x.o
                0x08003ed8                SX126xSetStandby
 .text.SX126xSetTx
                0x08003f04       0x2c out/sx126x.o
                0x08003f04                SX126xSetTx
 .text.SX126xSendPayload
                0x08003f30       0x12 out/sx126x.o
                0x08003f30                SX126xSendPayload
 *fill*         0x08003f42        0x2 
 .text.SX126xSetRx
                0x08003f44       0x2c out/sx126x.o
                0x08003f44                SX126xSetRx
 .text.SX126xSetRxBoosted
                0x08003f70       0x38 out/sx126x.o
                0x08003f70                SX126xSetRxBoosted
 .text.SX126xSetRxDutyCycle
                0x08003fa8       0x38 out/sx126x.o
                0x08003fa8                SX126xSetRxDutyCycle
 .text.SX126xSetCad
                0x08003fe0       0x18 out/sx126x.o
                0x08003fe0                SX126xSetCad
 .text.SX126xSetTxContinuousWave
                0x08003ff8        0xa out/sx126x.o
                0x08003ff8                SX126xSetTxContinuousWave
 .text.SX126xSetStopRxTimerOnPreambleDetect
                0x08004002       0x18 out/sx126x.o
                0x08004002                SX126xSetStopRxTimerOnPreambleDetect
 .text.SX126xSetLoRaSymbNumTimeout
                0x0800401a       0x18 out/sx126x.o
                0x0800401a                SX126xSetLoRaSymbNumTimeout
 .text.SX126xSetRegulatorMode
                0x08004032       0x18 out/sx126x.o
                0x08004032                SX126xSetRegulatorMode
 *fill*         0x0800404a        0x2 
 .text.SX126xCalibrateImage
                0x0800404c       0x64 out/sx126x.o
                0x0800404c                SX126xCalibrateImage
 .text.SX126xSetPaConfig
                0x080040b0       0x24 out/sx126x.o
                0x080040b0                SX126xSetPaConfig
 .text.SX126xSetDioIrqParams
                0x080040d4       0x2a out/sx126x.o
                0x080040d4                SX126xSetDioIrqParams
 .text.SX126xGetIrqStatus
                0x080040fe       0x1a out/sx126x.o
                0x080040fe                SX126xGetIrqStatus
 .text.SX126xSetDio2AsRfSwitchCtrl
                0x08004118       0x18 out/sx126x.o
                0x08004118                SX126xSetDio2AsRfSwitchCtrl
 .text.SX126xInit
                0x08004130       0x28 out/sx126x.o
                0x08004130                SX126xInit
 .text.SX126xSetRfFrequency
                0x08004158       0x4c out/sx126x.o
                0x08004158                SX126xSetRfFrequency
 .text.SX126xSetPacketType
                0x080041a4       0x20 out/sx126x.o
                0x080041a4                SX126xSetPacketType
 .text.SX126xGetPacketType
                0x080041c4        0xc out/sx126x.o
                0x080041c4                SX126xGetPacketType
 .text.SX126xSetTxParams
                0x080041d0       0xbc out/sx126x.o
                0x080041d0                SX126xSetTxParams
 *fill*         0x0800428c        0x4 
 .text.SX126xSetModulationParams
                0x08004290       0xb0 out/sx126x.o
                0x08004290                SX126xSetModulationParams
 .text.SX126xSetPacketParams
                0x08004340       0xa4 out/sx126x.o
                0x08004340                SX126xSetPacketParams
 .text.SX126xSetCadParams
                0x080043e4       0x3c out/sx126x.o
                0x080043e4                SX126xSetCadParams
 .text.SX126xSetBufferBaseAddress
                0x08004420       0x1a out/sx126x.o
                0x08004420                SX126xSetBufferBaseAddress
 .text.SX126xGetRssiInst
                0x0800443a       0x1a out/sx126x.o
                0x0800443a                SX126xGetRssiInst
 .text.SX126xGetRxBufferStatus
                0x08004454       0x48 out/sx126x.o
                0x08004454                SX126xGetRxBufferStatus
 .text.SX126xGetPayload
                0x0800449c       0x2c out/sx126x.o
                0x0800449c                SX126xGetPayload
 .text.SX126xGetPacketStatus
                0x080044c8       0x80 out/sx126x.o
                0x080044c8                SX126xGetPacketStatus
 .text.SX126xClearIrqStatus
                0x08004548       0x18 out/sx126x.o
                0x08004548                SX126xClearIrqStatus
 .text.RtcInit  0x08004560       0x30 out/rtc-board.o
                0x08004560                RtcInit
 .text.RtcSetTimeout
                0x08004590       0x74 out/rtc-board.o
                0x08004590                RtcSetTimeout
 .text.RtcStopTimeout
                0x08004604       0x14 out/rtc-board.o
                0x08004604                RtcStopTimeout
 .text.RtcGetTimerContext
                0x08004618        0xc out/rtc-board.o
                0x08004618                RtcGetTimerContext
 .text.RtcGetTimerValue
                0x08004624      0x118 out/rtc-board.o
                0x08004624                RtcGetTimerValue
 .text.RtcSetTimerContext
                0x0800473c       0x18 out/rtc-board.o
                0x0800473c                RtcSetTimerContext
 .text.RtcGetElapsedTime
                0x08004754       0x18 out/rtc-board.o
                0x08004754                RtcGetElapsedTime
 .text.RtcEnterLowPowerStopMode
                0x0800476c       0x20 out/rtc-board.o
                0x0800476c                RtcEnterLowPowerStopMode
 .text.RtcOnIrq
                0x0800478c       0x32 out/rtc-board.o
                0x0800478c                RtcOnIrq
 .text.BoardDisableIrq
                0x080047be        0x4 out/sx1262-board.o
                0x080047be                BoardDisableIrq
 .text.BoardEnableIrq
                0x080047c2        0x4 out/sx1262-board.o
                0x080047c2                BoardEnableIrq
 *fill*         0x080047c6        0x2 
 .text.SpiInOut
                0x080047c8       0x18 out/sx1262-board.o
                0x080047c8                SpiInOut
 .text.SX126xLoracInit
                0x080047e0       0x7c out/sx1262-board.o
                0x080047e0                SX126xLoracInit
 .text.SX126xGetBoardTcxoWakeupTime
                0x0800485c        0x4 out/sx1262-board.o
                0x0800485c                SX126xGetBoardTcxoWakeupTime
 .text.SX126xReset
                0x08004860       0x54 out/sx1262-board.o
                0x08004860                SX126xReset
 .text.SX126xWaitOnBusy
                0x080048b4       0x18 out/sx1262-board.o
                0x080048b4                SX126xWaitOnBusy
 .text.SX126xWakeup
                0x080048cc       0x30 out/sx1262-board.o
                0x080048cc                SX126xWakeup
 .text.SX126xWriteCommand
                0x080048fc       0x44 out/sx1262-board.o
                0x080048fc                SX126xWriteCommand
 .text.SX126xReadCommand
                0x08004940       0x44 out/sx1262-board.o
                0x08004940                SX126xReadCommand
 .text.SX126xWriteRegisters
                0x08004984       0x48 out/sx1262-board.o
                0x08004984                SX126xWriteRegisters
 .text.SX126xWriteRegister
                0x080049cc       0x16 out/sx1262-board.o
                0x080049cc                SX126xWriteRegister
 *fill*         0x080049e2        0x2 
 .text.SX126xReadRegisters
                0x080049e4       0x50 out/sx1262-board.o
                0x080049e4                SX126xReadRegisters
 .text.SX126xReadRegister
                0x08004a34       0x16 out/sx1262-board.o
                0x08004a34                SX126xReadRegister
 *fill*         0x08004a4a        0x2 
 .text.SX126xWriteBuffer
                0x08004a4c       0x44 out/sx1262-board.o
                0x08004a4c                SX126xWriteBuffer
 .text.SX126xReadBuffer
                0x08004a90       0x4c out/sx1262-board.o
                0x08004a90                SX126xReadBuffer
 .text.SX126xSetRfTxPower
                0x08004adc        0x6 out/sx1262-board.o
                0x08004adc                SX126xSetRfTxPower
 .text.SX126xGetPaSelect
                0x08004ae2        0x4 out/sx1262-board.o
                0x08004ae2                SX126xGetPaSelect
 *fill*         0x08004ae6        0x2 
 .text.SX126xAntSwOn
                0x08004ae8       0x10 out/sx1262-board.o
                0x08004ae8                SX126xAntSwOn
 .text.SX126xAntSwOff
                0x08004af8       0x10 out/sx1262-board.o
                0x08004af8                SX126xAntSwOff
 .text.rand1    0x08004b08       0x28 out/utilities.o
                0x08004b08                rand1
 .text.srand1   0x08004b30        0xc out/utilities.o
                0x08004b30                srand1
 .text.randr    0x08004b3c       0x1a out/utilities.o
                0x08004b3c                randr
 .text.memcpy1  0x08004b56       0x14 out/utilities.o
                0x08004b56                memcpy1
 .text.memcpyr  0x08004b6a       0x14 out/utilities.o
                0x08004b6a                memcpyr
 .text.memset1  0x08004b7e        0x4 out/utilities.o
                0x08004b7e                memset1
 *fill*         0x08004b82        0x2 
 .text.SetMlmeScheduleUplinkIndication
                0x08004b84       0x14 out/LoRaMac.o
 .text.AddMacCommand
                0x08004b98      0x17c out/LoRaMac.o
 .text.ResetMacParameters
                0x08004d14       0x90 out/LoRaMac.o
 .text.ValidatePayloadLength
                0x08004da4       0x4c out/LoRaMac.o
 .text.OnAckTimeoutTimerEvent
                0x08004df0       0x3c out/LoRaMac.o
 .text.PrepareRxDoneAbort
                0x08004e2c       0x58 out/LoRaMac.o
 .text.ProcessMacCommands
                0x08004e84      0x468 out/LoRaMac.o
 .text.OnRadioRxDone
                0x080052ec      0x55c out/LoRaMac.o
 .text.RxWindowSetup
                0x08005848       0x14 out/LoRaMac.o
 .text.OnRxWindow2TimerEvent
                0x0800585c       0x70 out/LoRaMac.o
 .text.OpenContinuousRx2Window
                0x080058cc       0x18 out/LoRaMac.o
 .text.OnRadioRxTimeout
                0x080058e4       0xdc out/LoRaMac.o
 .text.OnRadioTxTimeout
                0x080059c0       0x34 out/LoRaMac.o
 .text.OnRadioRxError
                0x080059f4       0xdc out/LoRaMac.o
 .text.OnRadioTxDone
                0x08005ad0      0x120 out/LoRaMac.o
 .text.OnRxWindow1TimerEvent
                0x08005bf0       0x70 out/LoRaMac.o
 .text.PrepareFrame
                0x08005c60      0x364 out/LoRaMac.o
                0x08005c60                PrepareFrame
 .text.SendFrameOnChannel
                0x08005fc4      0x118 out/LoRaMac.o
                0x08005fc4                SendFrameOnChannel
 .text.ScheduleTx
                0x080060dc      0x19c out/LoRaMac.o
 .text.Send     0x08006278       0x54 out/LoRaMac.o
                0x08006278                Send
 .text.OnTxDelayedTimerEvent
                0x080062cc       0x70 out/LoRaMac.o
 .text.OnMacStateCheckTimerEvent
                0x0800633c      0x320 out/LoRaMac.o
 .text.SetTxContinuousWave
                0x0800665c       0x64 out/LoRaMac.o
                0x0800665c                SetTxContinuousWave
 .text.SetTxContinuousWave1
                0x080066c0       0x40 out/LoRaMac.o
                0x080066c0                SetTxContinuousWave1
 .text.LoRaMacInitialization
                0x08006700      0x314 out/LoRaMac.o
                0x08006700                LoRaMacInitialization
 .text.LoRaMacQueryTxPossible
                0x08006a14       0xc4 out/LoRaMac.o
                0x08006a14                LoRaMacQueryTxPossible
 .text.LoRaMacMibGetRequestConfirm
                0x08006ad8      0x164 out/LoRaMac.o
                0x08006ad8                LoRaMacMibGetRequestConfirm
 .text.LoRaMacMulticastChannelLink
                0x08006c3c       0x40 out/LoRaMac.o
                0x08006c3c                LoRaMacMulticastChannelLink
 .text.LoRaMacMulticastChannelUnlink
                0x08006c7c       0x44 out/LoRaMac.o
                0x08006c7c                LoRaMacMulticastChannelUnlink
 .text.LoRaMacMibSetRequestConfirm
                0x08006cc0      0x354 out/LoRaMac.o
                0x08006cc0                LoRaMacMibSetRequestConfirm
 .text.LoRaMacMlmeRequest
                0x08007014      0x1f8 out/LoRaMac.o
                0x08007014                LoRaMacMlmeRequest
 .text.LoRaMacMcpsRequest
                0x0800720c      0x120 out/LoRaMac.o
                0x0800720c                LoRaMacMcpsRequest
 .text.LoRaMacClassBInit
                0x0800732c        0x2 out/LoRaMacClassB.o
                0x0800732c                LoRaMacClassBInit
 .text.LoRaMacClassBSetBeaconState
                0x0800732e        0x2 out/LoRaMacClassB.o
                0x0800732e                LoRaMacClassBSetBeaconState
 .text.LoRaMacClassBSetPingSlotState
                0x08007330        0x2 out/LoRaMacClassB.o
                0x08007330                LoRaMacClassBSetPingSlotState
 .text.LoRaMacClassBSetMulticastSlotState
                0x08007332        0x2 out/LoRaMacClassB.o
                0x08007332                LoRaMacClassBSetMulticastSlotState
 .text.LoRaMacClassBIsAcquisitionInProgress
                0x08007334        0x4 out/LoRaMacClassB.o
                0x08007334                LoRaMacClassBIsAcquisitionInProgress
 .text.LoRaMacClassBBeaconTimerEvent
                0x08007338        0x2 out/LoRaMacClassB.o
                0x08007338                LoRaMacClassBBeaconTimerEvent
 .text.LoRaMacClassBPingSlotTimerEvent
                0x0800733a        0x2 out/LoRaMacClassB.o
                0x0800733a                LoRaMacClassBPingSlotTimerEvent
 .text.LoRaMacClassBMulticastSlotTimerEvent
                0x0800733c        0x2 out/LoRaMacClassB.o
                0x0800733c                LoRaMacClassBMulticastSlotTimerEvent
 .text.LoRaMacClassBRxBeacon
                0x0800733e        0x4 out/LoRaMacClassB.o
                0x0800733e                LoRaMacClassBRxBeacon
 .text.LoRaMacClassBIsBeaconExpected
                0x08007342        0x4 out/LoRaMacClassB.o
                0x08007342                LoRaMacClassBIsBeaconExpected
 .text.LoRaMacClassBIsPingExpected
                0x08007346        0x4 out/LoRaMacClassB.o
                0x08007346                LoRaMacClassBIsPingExpected
 .text.LoRaMacClassBIsMulticastExpected
                0x0800734a        0x4 out/LoRaMacClassB.o
                0x0800734a                LoRaMacClassBIsMulticastExpected
 .text.LoRaMacClassBIsBeaconModeActive
                0x0800734e        0x4 out/LoRaMacClassB.o
                0x0800734e                LoRaMacClassBIsBeaconModeActive
 .text.LoRaMacClassBSetPingSlotInfo
                0x08007352        0x2 out/LoRaMacClassB.o
                0x08007352                LoRaMacClassBSetPingSlotInfo
 .text.LoRaMacClassBHaltBeaconing
                0x08007354        0x2 out/LoRaMacClassB.o
                0x08007354                LoRaMacClassBHaltBeaconing
 .text.LoRaMacClassBResumeBeaconing
                0x08007356        0x2 out/LoRaMacClassB.o
                0x08007356                LoRaMacClassBResumeBeaconing
 .text.LoRaMacClassBSwitchClass
                0x08007358        0x4 out/LoRaMacClassB.o
                0x08007358                LoRaMacClassBSwitchClass
 .text.LoRaMacClassBMibGetRequestConfirm
                0x0800735c        0x4 out/LoRaMacClassB.o
                0x0800735c                LoRaMacClassBMibGetRequestConfirm
 .text.LoRaMacMibClassBSetRequestConfirm
                0x08007360        0x4 out/LoRaMacClassB.o
                0x08007360                LoRaMacMibClassBSetRequestConfirm
 .text.LoRaMacClassBPingSlotInfoAns
                0x08007364        0x2 out/LoRaMacClassB.o
                0x08007364                LoRaMacClassBPingSlotInfoAns
 .text.LoRaMacClassBPingSlotChannelReq
                0x08007366        0x4 out/LoRaMacClassB.o
                0x08007366                LoRaMacClassBPingSlotChannelReq
 .text.LoRaMacClassBBeaconTimingAns
                0x0800736a        0x2 out/LoRaMacClassB.o
                0x0800736a                LoRaMacClassBBeaconTimingAns
 .text.LoRaMacClassBDeviceTimeAns
                0x0800736c        0x2 out/LoRaMacClassB.o
                0x0800736c                LoRaMacClassBDeviceTimeAns
 .text.LoRaMacClassBBeaconFreqReq
                0x0800736e        0x4 out/LoRaMacClassB.o
                0x0800736e                LoRaMacClassBBeaconFreqReq
 .text.LoRaMacClassBIsUplinkCollision
                0x08007372        0x6 out/LoRaMacClassB.o
                0x08007372                LoRaMacClassBIsUplinkCollision
 .text.LoRaMacClassBStopRxSlots
                0x08007378        0x2 out/LoRaMacClassB.o
                0x08007378                LoRaMacClassBStopRxSlots
 .text.LoRaMacClassBSetMulticastPeriodicity
                0x0800737a        0x2 out/LoRaMacClassB.o
                0x0800737a                LoRaMacClassBSetMulticastPeriodicity
 .text.LoRaMacConfirmQueueInit
                0x0800737c       0x28 out/LoRaMacConfirmQueue.o
                0x0800737c                LoRaMacConfirmQueueInit
 .text.LoRaMacConfirmQueueAdd
                0x080073a4       0x40 out/LoRaMacConfirmQueue.o
                0x080073a4                LoRaMacConfirmQueueAdd
 .text.LoRaMacConfirmQueueRemoveLast
                0x080073e4       0x28 out/LoRaMacConfirmQueue.o
                0x080073e4                LoRaMacConfirmQueueRemoveLast
 .text.LoRaMacConfirmQueueRemoveFirst
                0x0800740c       0x28 out/LoRaMacConfirmQueue.o
                0x0800740c                LoRaMacConfirmQueueRemoveFirst
 .text.LoRaMacConfirmQueueSetStatus
                0x08007434       0x34 out/LoRaMacConfirmQueue.o
                0x08007434                LoRaMacConfirmQueueSetStatus
 .text.LoRaMacConfirmQueueGetStatus
                0x08007468       0x30 out/LoRaMacConfirmQueue.o
                0x08007468                LoRaMacConfirmQueueGetStatus
 .text.LoRaMacConfirmQueueSetStatusCmn
                0x08007498       0x34 out/LoRaMacConfirmQueue.o
                0x08007498                LoRaMacConfirmQueueSetStatusCmn
 .text.LoRaMacConfirmQueueGetStatusCmn
                0x080074cc        0xc out/LoRaMacConfirmQueue.o
                0x080074cc                LoRaMacConfirmQueueGetStatusCmn
 .text.LoRaMacConfirmQueueIsCmdActive
                0x080074d8       0x30 out/LoRaMacConfirmQueue.o
                0x080074d8                LoRaMacConfirmQueueIsCmdActive
 .text.LoRaMacConfirmQueueHandleCb
                0x08007508       0x50 out/LoRaMacConfirmQueue.o
                0x08007508                LoRaMacConfirmQueueHandleCb
 .text.LoRaMacConfirmQueueGetCnt
                0x08007558        0xc out/LoRaMacConfirmQueue.o
                0x08007558                LoRaMacConfirmQueueGetCnt
 .text.LoRaMacConfirmQueueIsFull
                0x08007564       0x14 out/LoRaMacConfirmQueue.o
                0x08007564                LoRaMacConfirmQueueIsFull
 .text.LoRaMacComputeMic
                0x08007578       0x74 out/LoRaMacCrypto.o
                0x08007578                LoRaMacComputeMic
 .text.LoRaMacPayloadEncrypt
                0x080075ec       0xe8 out/LoRaMacCrypto.o
                0x080075ec                LoRaMacPayloadEncrypt
 .text.LoRaMacPayloadDecrypt
                0x080076d4       0x10 out/LoRaMacCrypto.o
                0x080076d4                LoRaMacPayloadDecrypt
 .text.LoRaMacJoinComputeMic
                0x080076e4       0x3c out/LoRaMacCrypto.o
                0x080076e4                LoRaMacJoinComputeMic
 .text.LoRaMacJoinDecrypt
                0x08007720       0x3e out/LoRaMacCrypto.o
                0x08007720                LoRaMacJoinDecrypt
 .text.LoRaMacJoinComputeSKeys
                0x0800775e       0x86 out/LoRaMacCrypto.o
                0x0800775e                LoRaMacJoinComputeSKeys
 .text.RegionIsActive
                0x080077e4        0x8 out/Region.o
                0x080077e4                RegionIsActive
 .text.RegionGetPhyParam
                0x080077ec       0x14 out/Region.o
                0x080077ec                RegionGetPhyParam
 .text.RegionSetBandTxDone
                0x08007800        0xc out/Region.o
                0x08007800                RegionSetBandTxDone
 .text.RegionInitDefaults
                0x0800780c        0xc out/Region.o
                0x0800780c                RegionInitDefaults
 .text.RegionVerify
                0x08007818       0x12 out/Region.o
                0x08007818                RegionVerify
 .text.RegionApplyCFList
                0x0800782a        0xc out/Region.o
                0x0800782a                RegionApplyCFList
 .text.RegionChanMaskSet
                0x08007836        0xe out/Region.o
                0x08007836                RegionChanMaskSet
 .text.RegionAdrNext
                0x08007844       0x20 out/Region.o
                0x08007844                RegionAdrNext
 .text.RegionComputeRxWindowParameters
                0x08007864       0x1e out/Region.o
                0x08007864                RegionComputeRxWindowParameters
 .text.RegionRxConfig
                0x08007882       0x12 out/Region.o
                0x08007882                RegionRxConfig
 .text.RegionTxConfig
                0x08007894       0x1e out/Region.o
                0x08007894                RegionTxConfig
 .text.RegionLinkAdrReq
                0x080078b2       0x20 out/Region.o
                0x080078b2                RegionLinkAdrReq
 .text.RegionRxParamSetupReq
                0x080078d2        0xe out/Region.o
                0x080078d2                RegionRxParamSetupReq
 .text.RegionNewChannelReq
                0x080078e0        0xe out/Region.o
                0x080078e0                RegionNewChannelReq
 .text.RegionTxParamSetupReq
                0x080078ee        0xe out/Region.o
                0x080078ee                RegionTxParamSetupReq
 .text.RegionDlChannelReq
                0x080078fc        0xe out/Region.o
                0x080078fc                RegionDlChannelReq
 .text.RegionAlternateDr
                0x0800790a        0xe out/Region.o
                0x0800790a                RegionAlternateDr
 .text.RegionCalcBackOff
                0x08007918        0xc out/Region.o
                0x08007918                RegionCalcBackOff
 .text.RegionNextChannel
                0x08007924       0x20 out/Region.o
                0x08007924                RegionNextChannel
 .text.RegionSetContinuousWave
                0x08007944        0xc out/Region.o
                0x08007944                RegionSetContinuousWave
 .text.RegionApplyDrOffset
                0x08007950       0x1e out/Region.o
                0x08007950                RegionApplyDrOffset
 *fill*         0x0800796e        0x2 
 .text.RegionCommonGetJoinDc
                0x08007970       0x28 out/RegionCommon.o
                0x08007970                RegionCommonGetJoinDc
 .text.RegionCommonChanVerifyDr
                0x08007998       0x60 out/RegionCommon.o
                0x08007998                RegionCommonChanVerifyDr
 .text.RegionCommonValueInRange
                0x080079f8       0x12 out/RegionCommon.o
                0x080079f8                RegionCommonValueInRange
 .text.RegionCommonChanDisable
                0x08007a0a       0x32 out/RegionCommon.o
                0x08007a0a                RegionCommonChanDisable
 .text.RegionCommonCountChannels
                0x08007a3c       0x3c out/RegionCommon.o
                0x08007a3c                RegionCommonCountChannels
 .text.RegionCommonChanMaskCopy
                0x08007a78       0x1e out/RegionCommon.o
                0x08007a78                RegionCommonChanMaskCopy
 .text.RegionCommonSetBandTxDone
                0x08007a96        0xe out/RegionCommon.o
                0x08007a96                RegionCommonSetBandTxDone
 *fill*         0x08007aa4        0x4 
 .text.RegionCommonUpdateBandTimeOff
                0x08007aa8      0x108 out/RegionCommon.o
                0x08007aa8                RegionCommonUpdateBandTimeOff
 .text.RegionCommonParseLinkAdrReq
                0x08007bb0       0x34 out/RegionCommon.o
                0x08007bb0                RegionCommonParseLinkAdrReq
 .text.RegionCommonComputeSymbolTimeLoRa
                0x08007be4       0x34 out/RegionCommon.o
                0x08007be4                RegionCommonComputeSymbolTimeLoRa
 .text.RegionCommonComputeSymbolTimeFsk
                0x08007c18       0x18 out/RegionCommon.o
                0x08007c18                RegionCommonComputeSymbolTimeFsk
 .text.RegionCommonComputeRxWindowParameters
                0x08007c30       0xac out/RegionCommon.o
                0x08007c30                RegionCommonComputeRxWindowParameters
 .text.RegionCommonComputeTxPower
                0x08007cdc       0x30 out/RegionCommon.o
                0x08007cdc                RegionCommonComputeTxPower
 .text.VerifyTxFreq
                0x08007d0c       0x28 out/RegionEU433.o
 .text.RegionEU433GetPhyParam
                0x08007d34       0xf4 out/RegionEU433.o
                0x08007d34                RegionEU433GetPhyParam
 .text.RegionEU433SetBandTxDone
                0x08007e28       0x2c out/RegionEU433.o
                0x08007e28                RegionEU433SetBandTxDone
 .text.RegionEU433InitDefaults
                0x08007e54       0x5c out/RegionEU433.o
                0x08007e54                RegionEU433InitDefaults
 .text.RegionEU433Verify
                0x08007eb0       0x4c out/RegionEU433.o
                0x08007eb0                RegionEU433Verify
 .text.RegionEU433ChanMaskSet
                0x08007efc       0x2c out/RegionEU433.o
                0x08007efc                RegionEU433ChanMaskSet
 .text.RegionEU433AdrNext
                0x08007f28       0x70 out/RegionEU433.o
                0x08007f28                RegionEU433AdrNext
 .text.RegionEU433ComputeRxWindowParameters
                0x08007f98       0x84 out/RegionEU433.o
                0x08007f98                RegionEU433ComputeRxWindowParameters
 .text.RegionEU433RxConfig
                0x0800801c       0xe4 out/RegionEU433.o
                0x0800801c                RegionEU433RxConfig
 .text.RegionEU433TxConfig
                0x08008100      0x118 out/RegionEU433.o
                0x08008100                RegionEU433TxConfig
 .text.RegionEU433LinkAdrReq
                0x08008218      0x110 out/RegionEU433.o
                0x08008218                RegionEU433LinkAdrReq
 .text.RegionEU433RxParamSetupReq
                0x08008328       0x3c out/RegionEU433.o
                0x08008328                RegionEU433RxParamSetupReq
 .text.RegionEU433TxParamSetupReq
                0x08008364        0x6 out/RegionEU433.o
                0x08008364                RegionEU433TxParamSetupReq
 *fill*         0x0800836a        0x2 
 .text.RegionEU433DlChannelReq
                0x0800836c       0x34 out/RegionEU433.o
                0x0800836c                RegionEU433DlChannelReq
 .text.RegionEU433AlternateDr
                0x080083a0       0x3e out/RegionEU433.o
                0x080083a0                RegionEU433AlternateDr
 *fill*         0x080083de        0x2 
 .text.RegionEU433CalcBackOff
                0x080083e0       0x98 out/RegionEU433.o
                0x080083e0                RegionEU433CalcBackOff
 .text.RegionEU433NextChannel
                0x08008478      0x148 out/RegionEU433.o
                0x08008478                RegionEU433NextChannel
 .text.RegionEU433ChannelAdd
                0x080085c0       0xdc out/RegionEU433.o
                0x080085c0                RegionEU433ChannelAdd
 .text.RegionEU433ChannelsRemove
                0x0800869c       0x30 out/RegionEU433.o
                0x0800869c                RegionEU433ChannelsRemove
 .text.RegionEU433ApplyCFList
                0x080086cc       0x78 out/RegionEU433.o
                0x080086cc                RegionEU433ApplyCFList
 .text.RegionEU433NewChannelReq
                0x08008744       0x42 out/RegionEU433.o
                0x08008744                RegionEU433NewChannelReq
 *fill*         0x08008786        0x2 
 .text.RegionEU433SetContinuousWave
                0x08008788       0x4c out/RegionEU433.o
                0x08008788                RegionEU433SetContinuousWave
 .text.RegionEU433ApplyDrOffset
                0x080087d4        0xc out/RegionEU433.o
                0x080087d4                RegionEU433ApplyDrOffset
 .text.Reset_Handler
                0x080087e0       0x48 out/startup_cm4.o
                0x080087e0                Reset_Handler
 .text.Default_Handler
                0x08008828        0x2 out/startup_cm4.o
                0x08008828                GPIO_IRQHandler
                0x08008828                SCC_IRQHandler
                0x08008828                TIMER2_IRQHandler
                0x08008828                EFC_IRQHandler
                0x08008828                I2C0_IRQHandler
                0x08008828                SAC_IRQHandler
                0x08008828                I2C1_IRQHandler
                0x08008828                UART1_IRQHandler
                0x08008828                BSTIMER0_IRQHandler
                0x08008828                TIMER3_IRQHandler
                0x08008828                UART0_IRQHandler
                0x08008828                SEC_IRQHandler
                0x08008828                WDG_IRQHandler
                0x08008828                LPTIMER1_IRQHandler
                0x08008828                LPTIMER0_IRQHandler
                0x08008828                SSP0_IRQHandler
                0x08008828                I2S_IRQHandler
                0x08008828                I2C2_IRQHandler
                0x08008828                TIMER0_IRQHandler
                0x08008828                LCD_IRQHandler
                0x08008828                LPUART_IRQHandler
                0x08008828                TIMER1_IRQHandler
                0x08008828                UART2_IRQHandler
                0x08008828                Default_Handler
                0x08008828                ADC_IRQHandler
                0x08008828                SSP1_IRQHandler
                0x08008828                DMA0_IRQHandler
                0x08008828                IWDG_IRQHandler
                0x08008828                SSP2_IRQHandler
                0x08008828                BSTIMER1_IRQHandler
                0x08008828                DAC_IRQHandler
                0x08008828                AFEC_IRQHandler
                0x08008828                UART3_IRQHandler
                0x08008828                QSPI_IRQHandler
                0x08008828                DMA1_IRQHandler
 *fill*         0x0800882a        0x2 
 .text.__fixunsdfdi
                0x0800882c       0x3c /opt/arm-gcc/bin/../lib/gcc/arm-none-eabi/13.2.1/thumb/v7e-m/nofp/libgcc.a(_fixunsdfdi.o)
                0x0800882c                __aeabi_d2ulz
                0x0800882c                __fixunsdfdi
 .text.__udivmoddi4
                0x08008868      0x2bc /opt/arm-gcc/bin/../lib/gcc/arm-none-eabi/13.2.1/thumb/v7e-m/nofp/libgcc.a(_udivmoddi4.o)
                0x08008868                __udivmoddi4
 .text.startup.register_fini
                0x08008b24       0x14 /opt/arm-gcc/bin/../lib/gcc/arm-none-eabi/13.2.1/../../../../arm-none-eabi/lib/thumb/v7e-m/nofp/libc.a(libc_a-__call_atexit.o)
 .text.memset   0x08008b38       0xa4 /opt/arm-gcc/bin/../lib/gcc/arm-none-eabi/13.2.1/../../../../arm-none-eabi/lib/thumb/v7e-m/nofp/libc.a(libc_a-memset.o)
                0x08008b38                memset
 .text.__libc_init_array
                0x08008bdc       0x50 /opt/arm-gcc/bin/../lib/gcc/arm-none-eabi/13.2.1/../../../../arm-none-eabi/lib/thumb/v7e-m/nofp/libc.a(libc_a-init.o)
                0x08008bdc                __libc_init_array
 .text.__libc_fini_array
                0x08008c2c       0x28 /opt/arm-gcc/bin/../lib/gcc/arm-none-eabi/13.2.1/../../../../arm-none-eabi/lib/thumb/v7e-m/nofp/libc.a(libc_a-fini.o)
                0x08008c2c                __libc_fini_array
 .text.__retarget_lock_acquire_recursive
                0x08008c54        0x4 /opt/arm-gcc/bin/../lib/gcc/arm-none-eabi/13.2.1/../../../../arm-none-eabi/lib/thumb/v7e-m/nofp/libc.a(libc_a-lock.o)
                0x08008c54                __retarget_lock_acquire_recursive
 .text.__retarget_lock_release_recursive
                0x08008c58        0x4 /opt/arm-gcc/bin/../lib/gcc/arm-none-eabi/13.2.1/../../../../arm-none-eabi/lib/thumb/v7e-m/nofp/libc.a(libc_a-lock.o)
                0x08008c58                __retarget_lock_release_recursive
 .text.atexit   0x08008c5c        0xc /opt/arm-gcc/bin/../lib/gcc/arm-none-eabi/13.2.1/../../../../arm-none-eabi/lib/thumb/v7e-m/nofp/libc.a(libc_a-atexit.o)
                0x08008c5c                atexit
 .text.__register_exitproc
                0x08008c68       0x80 /opt/arm-gcc/bin/../lib/gcc/arm-none-eabi/13.2.1/../../../../arm-none-eabi/lib/thumb/v7e-m/nofp/libc.a(libc_a-__atexit.o)
                0x08008c68                __register_exitproc
 .text.ceil     0x08008ce8       0xf8 /opt/arm-gcc/bin/../lib/gcc/arm-none-eabi/13.2.1/../../../../arm-none-eabi/lib/thumb/v7e-m/nofp/libm.a(libm_a-s_ceil.o)
                0x08008ce8                ceil
 .text.floor    0x08008de0      0x108 /opt/arm-gcc/bin/../lib/gcc/arm-none-eabi/13.2.1/../../../../arm-none-eabi/lib/thumb/v7e-m/nofp/libm.a(libm_a-s_floor.o)
                0x08008de0                floor
 .text.rint     0x08008ee8      0x124 /opt/arm-gcc/bin/../lib/gcc/arm-none-eabi/13.2.1/../../../../arm-none-eabi/lib/thumb/v7e-m/nofp/libm.a(libm_a-s_rint.o)
                0x08008ee8                rint
 .text.round    0x0800900c       0x9c /opt/arm-gcc/bin/../lib/gcc/arm-none-eabi/13.2.1/../../../../arm-none-eabi/lib/thumb/v7e-m/nofp/libm.a(libm_a-s_round.o)
                0x0800900c                round
 *(.glue_7)
 .glue_7        0x080090a8        0x0 linker stubs
 *(.glue_7t)
 .glue_7t       0x080090a8        0x0 linker stubs
 *(.eh_frame)
 .eh_frame      0x080090a8        0x0 /opt/arm-gcc/bin/../lib/gcc/arm-none-eabi/13.2.1/thumb/v7e-m/nofp/crtbegin.o
 *(.init)
 .init          0x080090a8        0x4 /opt/arm-gcc/bin/../lib/gcc/arm-none-eabi/13.2.1/thumb/v7e-m/nofp/crti.o
                0x080090a8                _init
 .init          0x080090ac        0x8 /opt/arm-gcc/bin/../lib/gcc/arm-none-eabi/13.2.1/thumb/v7e-m/nofp/crtn.o
 *(.fini)
 .fini          0x080090b4        0x4 /opt/arm-gcc/bin/../lib/gcc/arm-none-eabi/13.2.1/thumb/v7e-m/nofp/crti.o
                0x080090b4                _fini
 .fini          0x080090b8        0x8 /opt/arm-gcc/bin/../lib/gcc/arm-none-eabi/13.2.1/thumb/v7e-m/nofp/crtn.o
                0x080090c0                        . = ALIGN (0x4)
                0x080090c0                        _etext = .

.vfp11_veneer   0x080090c0        0x0
 .vfp11_veneer  0x080090c0        0x0 linker stubs

.v4_bx          0x080090c0        0x0
 .v4_bx         0x080090c0        0x0 linker stubs

.iplt           0x080090c0        0x0
 .iplt          0x080090c0        0x0 /opt/arm-gcc/bin/../lib/gcc/arm-none-eabi/13.2.1/thumb/v7e-m/nofp/crtbegin.o

.rodata         0x080090c0      0x308
                0x080090c0                        . = ALIGN (0x4)
 *(.rodata)
 .rodata        0x080090c0       0x50 out/printf-stdarg.o
 .rodata        0x08009110        0xc out/tremo_uart.o
 *fill*         0x0800911c        0x4 
 .rodata        0x08009120      0x188 out/radio.o
                0x08009120                FskBandwidths
                0x08009230                Bandwidths
                0x0800923c                Radio
 .rodata        0x080092a8       0x18 out/rtc-board.o
 .rodata        0x080092c0       0x10 out/LoRaMac.o
 .rodata        0x080092d0       0x5c out/RegionEU433.o
 .rodata        0x0800932c       0x10 /opt/ra08_custom/drivers/crypto/lib/libcrypto.a(aes.o)
 *(.rodata*)
 .rodata.str1.1
                0x0800933c       0x76 out/classA.o
                                 0x5d (size before relaxing)
 .rodata.str1.1
                0x080093b2       0x19 out/printf-stdarg.o
 *fill*         0x080093b2        0x6 
 .rodata.TWO52  0x080093b8       0x10 /opt/arm-gcc/bin/../lib/gcc/arm-none-eabi/13.2.1/../../../../arm-none-eabi/lib/thumb/v7e-m/nofp/libm.a(libm_a-s_rint.o)
                0x080093c8                        . = ALIGN (0x4)

.ARM.extab
 *(.ARM.extab* .gnu.linkonce.armextab.*)

.ARM            0x080093c8        0x8
                0x080093c8                        __exidx_start = .
 *(.ARM.exidx*)
 .ARM.exidx     0x080093c8        0x8 /opt/arm-gcc/bin/../lib/gcc/arm-none-eabi/13.2.1/../../../../arm-none-eabi/lib/thumb/v7e-m/nofp/libc.a(libc_a-memcpy.o)
 .ARM.exidx.text.__udivmoddi4
                0x080093d0        0x0 /opt/arm-gcc/bin/../lib/gcc/arm-none-eabi/13.2.1/thumb/v7e-m/nofp/libgcc.a(_udivmoddi4.o)
                                  0x8 (size before relaxing)
                0x080093d0                        __exidx_end = .

.rel.dyn        0x080093d0        0x0
 .rel.iplt      0x080093d0        0x0 /opt/arm-gcc/bin/../lib/gcc/arm-none-eabi/13.2.1/thumb/v7e-m/nofp/crtbegin.o

.preinit_array  0x080093d0        0x0
                0x080093d0                        PROVIDE (__preinit_array_start = .)
 *(.preinit_array*)
                0x080093d0                        PROVIDE (__preinit_array_end = .)

.init_array     0x080093d0        0x8
                0x080093d0                        PROVIDE (__init_array_start = .)
 *(SORT_BY_NAME(.init_array.*))
 .init_array.00000
                0x080093d0        0x4 /opt/arm-gcc/bin/../lib/gcc/arm-none-eabi/13.2.1/../../../../arm-none-eabi/lib/thumb/v7e-m/nofp/libc.a(libc_a-__call_atexit.o)
 *(.init_array*)
 .init_array    0x080093d4        0x4 /opt/arm-gcc/bin/../lib/gcc/arm-none-eabi/13.2.1/thumb/v7e-m/nofp/crtbegin.o
                0x080093d8                        PROVIDE (__init_array_end = .)

.fini_array     0x080093d8        0x4
                0x080093d8                        PROVIDE (__fini_array_start = .)
 *(SORT_BY_NAME(.fini_array.*))
 *(.fini_array*)
 .fini_array    0x080093d8        0x4 /opt/arm-gcc/bin/../lib/gcc/arm-none-eabi/13.2.1/thumb/v7e-m/nofp/crtbegin.o
                0x080093dc                        PROVIDE (__fini_array_end = .)
                0x080093dc                        _sidata = LOADADDR (.data)

.data           0x20000000       0x74 load address 0x080093dc
                0x20000000                        . = ALIGN (0x4)
                0x20000000                        _sdata = .
 *(.data)
 .data          0x20000000       0x20 out/classA.o
 .data          0x20000020        0x1 out/radio.o
                0x20000020                MaxPayloadLength
 *fill*         0x20000021        0x3 
 .data          0x20000024        0x4 out/utilities.o
 .data          0x20000028        0x3 out/LoRaMac.o
 .data          0x2000002b       0x20 out/LoRaMacCrypto.o
 *fill*         0x2000004b        0x5 
 .data          0x20000050       0x20 out/RegionEU433.o
 *(.data*)
 .data.__atexit_recursive_mutex
                0x20000070        0x4 /opt/arm-gcc/bin/../lib/gcc/arm-none-eabi/13.2.1/../../../../arm-none-eabi/lib/thumb/v7e-m/nofp/libc.a(libc_a-__call_atexit.o)
                0x20000070                __atexit_recursive_mutex
                0x20000074                        . = ALIGN (0x4)
                0x20000074                        _edata = .

.tm_clone_table
                0x20000074        0x0 load address 0x08009450
 .tm_clone_table
                0x20000074        0x0 /opt/arm-gcc/bin/../lib/gcc/arm-none-eabi/13.2.1/thumb/v7e-m/nofp/crtbegin.o
 .tm_clone_table
                0x20000074        0x0 /opt/arm-gcc/bin/../lib/gcc/arm-none-eabi/13.2.1/thumb/v7e-m/nofp/crtend.o

.igot.plt       0x20000074        0x0 load address 0x08009450
 .igot.plt      0x20000074        0x0 /opt/arm-gcc/bin/../lib/gcc/arm-none-eabi/13.2.1/thumb/v7e-m/nofp/crtbegin.o
                0x20000074                        . = ALIGN (0x4)

.bss            0x20000078      0xa7c load address 0x08009450
                0x20000078                        _sbss = .
                0x20000078                        __bss_start__ = _sbss
 *(.bss)
 .bss           0x20000078       0x34 out/classA.o
 .bss           0x200000ac        0x1 out/tremo_delay.o
 *fill*         0x200000ad        0x3 
 .bss           0x200000b0       0x11 out/timer.o
                0x200000c0                HasLoopedThroughMain
 *fill*         0x200000c1        0x3 
 .bss           0x200000c4      0x1b2 out/radio.o
                0x200000c8                TxTimeoutTimer
                0x200000e0                RxTimeoutTimer
                0x200000f8                CadTimeoutTimer
                0x20000110                IrqFired
                0x20000114                SX126x
                0x20000150                TxTimeout
                0x20000154                RxContinuous
                0x20000158                RxTimeout
                0x2000015c                irqRegs
                0x2000015e                RadioRxPayload
                0x20000260                RadioPktStatus
 *fill*         0x20000276        0x2 
 .bss           0x20000278        0x8 out/sx126x.o
                0x2000027c                FrequencyError
 .bss           0x20000280       0x1d out/rtc-board.o
                0x20000284                RtcCalendarContext
                0x20000290                RtcTimerContext
                0x20000298                McuWakeUpTime
                0x2000029c                NonScheduledWakeUp
 .bss           0x2000029d        0x1 out/sx1262-board.o
                0x2000029d                gPaOptSetting
 *fill*         0x2000029e        0x2 
 .bss           0x200002a0      0x56d out/LoRaMac.o
                0x200002b8                LoRaMacFlags
                0x20000354                LoRaMacParams
                0x20000390                LoRaMacParamsDefaults
                0x200003f0                LoRaMacState
                0x200007a8                TxTimeOnAir
 *fill*         0x2000080d        0x3 
 .bss           0x20000810       0x25 out/LoRaMacConfirmQueue.o
                0x20000818                BufferStart
                0x20000830                BufferEnd
                0x20000834                CommonStatus
 *fill*         0x20000835        0x3 
 .bss           0x20000838       0x44 out/LoRaMacCrypto.o
 .bss           0x2000087c       0xc4 out/RegionEU433.o
 *(.bss*)
 .bss.completed.1
                0x20000940        0x1 /opt/arm-gcc/bin/../lib/gcc/arm-none-eabi/13.2.1/thumb/v7e-m/nofp/crtbegin.o
 *fill*         0x20000941        0x3 
 .bss.object.0  0x20000944       0x18 /opt/arm-gcc/bin/../lib/gcc/arm-none-eabi/13.2.1/thumb/v7e-m/nofp/crtbegin.o
 .bss.__atexit  0x2000095c        0x4 /opt/arm-gcc/bin/../lib/gcc/arm-none-eabi/13.2.1/../../../../arm-none-eabi/lib/thumb/v7e-m/nofp/libc.a(libc_a-__call_atexit.o)
                0x2000095c                __atexit
 .bss.__lock___atexit_recursive_mutex
                0x20000960        0x1 /opt/arm-gcc/bin/../lib/gcc/arm-none-eabi/13.2.1/../../../../arm-none-eabi/lib/thumb/v7e-m/nofp/libc.a(libc_a-lock.o)
                0x20000960                __lock___atexit_recursive_mutex
 *fill*         0x20000961        0x3 
 .bss.__atexit0
                0x20000964      0x190 /opt/arm-gcc/bin/../lib/gcc/arm-none-eabi/13.2.1/../../../../arm-none-eabi/lib/thumb/v7e-m/nofp/libc.a(libc_a-__atexit.o)
                0x20000964                __atexit0
 *(COMMON)
                0x20000af4                        . = ALIGN (0x4)
                0x20000af4                        _ebss = .
                0x20000af4                        __bss_end__ = _ebss

.heap           0x20000af4        0x0 load address 0x08009450
                0x20000af4                        . = ALIGN (0x4)
                0x20000af4                        _heap_bottom = .
                0x20000af4                        end = _heap_bottom
                0x20000af4                        _end = end
                0x20000af4                        __end = end
                0x20000af4                        . = (. + _HEAP_SIZE)
                0x20000af4                        _heap_top = .

.stack          0x20000af4     0x1000 load address 0x08009450
                0x20000af4                        . = ALIGN (0x4)
                0x20000af4                        _stack_bottom = .
                0x20001af4                        . = (. + _STACK_SIZE)
 *fill*         0x20000af4     0x1000 
                0x20001af4                        _stack_top = .

/DISCARD/
 libc.a(*)
 libm.a(*)
 libgcc.a(*)

.ARM.attributes
                0x00000000       0x2e
 *(.ARM.attributes)
 .ARM.attributes
                0x00000000       0x1e /opt/arm-gcc/bin/../lib/gcc/arm-none-eabi/13.2.1/thumb/v7e-m/nofp/crti.o
 .ARM.attributes
                0x0000001e       0x2e /opt/arm-gcc/bin/../lib/gcc/arm-none-eabi/13.2.1/thumb/v7e-m/nofp/crtbegin.o
 .ARM.attributes
                0x0000004c       0x32 out/classA.o
 .ARM.attributes
                0x0000007e       0x32 out/main.o
 .ARM.attributes
                0x000000b0       0x32 out/tremo_it.o
 .ARM.attributes
                0x000000e2       0x32 out/printf-stdarg.o
 .ARM.attributes
                0x00000114       0x32 out/system_cm4.o
 .ARM.attributes
                0x00000146       0x32 out/tremo_delay.o
 .ARM.attributes
                0x00000178       0x32 out/tremo_gpio.o
 .ARM.attributes
                0x000001aa       0x32 out/tremo_pwr.o
 .ARM.attributes
                0x000001dc       0x32 out/tremo_rcc.o
 .ARM.attributes
                0x0000020e       0x32 out/tremo_rtc.o
 .ARM.attributes
                0x00000240       0x32 out/tremo_uart.o
 .ARM.attributes
                0x00000272       0x32 out/delay.o
 .ARM.attributes
                0x000002a4       0x32 out/timer.o
 .ARM.attributes
                0x000002d6       0x32 out/cmac.o
 .ARM.attributes
                0x00000308       0x32 out/radio.o
 .ARM.attributes
                0x0000033a       0x32 out/sx126x.o
 .ARM.attributes
                0x0000036c       0x32 out/rtc-board.o
 .ARM.attributes
                0x0000039e       0x32 out/sx1262-board.o
 .ARM.attributes
                0x000003d0       0x32 out/utilities.o
 .ARM.attributes
                0x00000402       0x32 out/LoRaMac.o
 .ARM.attributes
                0x00000434       0x32 out/LoRaMacClassB.o
 .ARM.attributes
                0x00000466       0x32 out/LoRaMacConfirmQueue.o
 .ARM.attributes
                0x00000498       0x32 out/LoRaMacCrypto.o
 .ARM.attributes
                0x000004ca       0x32 out/Region.o
 .ARM.attributes
                0x000004fc       0x32 out/RegionCommon.o
 .ARM.attributes
                0x0000052e       0x32 out/RegionEU433.o
 .ARM.attributes
                0x00000560       0x21 out/startup_cm4.o
 .ARM.attributes
                0x00000581       0x2e /opt/ra08_custom/drivers/crypto/lib/libcrypto.a(aes.o)
 .ARM.attributes
                0x000005af       0x1e /opt/arm-gcc/bin/../lib/gcc/arm-none-eabi/13.2.1/thumb/v7e-m/nofp/libgcc.a(_arm_addsubdf3.o)
 .ARM.attributes
                0x000005cd       0x1e /opt/arm-gcc/bin/../lib/gcc/arm-none-eabi/13.2.1/thumb/v7e-m/nofp/libgcc.a(_arm_muldivdf3.o)
 .ARM.attributes
                0x000005eb       0x1e /opt/arm-gcc/bin/../lib/gcc/arm-none-eabi/13.2.1/thumb/v7e-m/nofp/libgcc.a(_arm_cmpdf2.o)
 .ARM.attributes
                0x00000609       0x1e /opt/arm-gcc/bin/../lib/gcc/arm-none-eabi/13.2.1/thumb/v7e-m/nofp/libgcc.a(_arm_fixdfsi.o)
 .ARM.attributes
                0x00000627       0x1e /opt/arm-gcc/bin/../lib/gcc/arm-none-eabi/13.2.1/thumb/v7e-m/nofp/libgcc.a(_arm_fixunsdfsi.o)
 .ARM.attributes
                0x00000645       0x1e /opt/arm-gcc/bin/../lib/gcc/arm-none-eabi/13.2.1/thumb/v7e-m/nofp/libgcc.a(_aeabi_uldivmod.o)
 .ARM.attributes
                0x00000663       0x2e /opt/arm-gcc/bin/../lib/gcc/arm-none-eabi/13.2.1/thumb/v7e-m/nofp/libgcc.a(_fixunsdfdi.o)
 .ARM.attributes
                0x00000691       0x2e /opt/arm-gcc/bin/../lib/gcc/arm-none-eabi/13.2.1/thumb/v7e-m/nofp/libgcc.a(_udivmoddi4.o)
 .ARM.attributes
                0x000006bf       0x1e /opt/arm-gcc/bin/../lib/gcc/arm-none-eabi/13.2.1/thumb/v7e-m/nofp/libgcc.a(_dvmd_tls.o)
 .ARM.attributes
                0x000006dd       0x2e /opt/arm-gcc/bin/../lib/gcc/arm-none-eabi/13.2.1/../../../../arm-none-eabi/lib/thumb/v7e-m/nofp/libc.a(libc_a-__call_atexit.o)
 .ARM.attributes
                0x0000070b       0x2e /opt/arm-gcc/bin/../lib/gcc/arm-none-eabi/13.2.1/../../../../arm-none-eabi/lib/thumb/v7e-m/nofp/libc.a(libc_a-memset.o)
 .ARM.attributes
                0x00000739       0x2e /opt/arm-gcc/bin/../lib/gcc/arm-none-eabi/13.2.1/../../../../arm-none-eabi/lib/thumb/v7e-m/nofp/libc.a(libc_a-init.o)
 .ARM.attributes
                0x00000767       0x2e /opt/arm-gcc/bin/../lib/gcc/arm-none-eabi/13.2.1/../../../../arm-none-eabi/lib/thumb/v7e-m/nofp/libc.a(libc_a-fini.o)
 .ARM.attributes
                0x00000795       0x2e /opt/arm-gcc/bin/../lib/gcc/arm-none-eabi/13.2.1/../../../../arm-none-eabi/lib/thumb/v7e-m/nofp/libc.a(libc_a-lock.o)
 .ARM.attributes
                0x000007c3       0x2e /opt/arm-gcc/bin/../lib/gcc/arm-none-eabi/13.2.1/../../../../arm-none-eabi/lib/thumb/v7e-m/nofp/libc.a(libc_a-atexit.o)
 .ARM.attributes
                0x000007f1       0x1c /opt/arm-gcc/bin/../lib/gcc/arm-none-eabi/13.2.1/../../../../arm-none-eabi/lib/thumb/v7e-m/nofp/libc.a(libc_a-memcpy.o)
 .ARM.attributes
                0x0000080d       0x2e /opt/arm-gcc/bin/../lib/gcc/arm-none-eabi/13.2.1/../../../../arm-none-eabi/lib/thumb/v7e-m/nofp/libc.a(libc_a-__atexit.o)
 .ARM.attributes
                0x0000083b       0x2e /opt/arm-gcc/bin/../lib/gcc/arm-none-eabi/13.2.1/thumb/v7e-m/nofp/crtend.o
 .ARM.attributes
                0x00000869       0x1e /opt/arm-gcc/bin/../lib/gcc/arm-none-eabi/13.2.1/thumb/v7e-m/nofp/crtn.o
OUTPUT(out/class_a.elf elf32-littlearm)
LOAD linker stubs
LOAD /opt/arm-gcc/bin/../lib/gcc/arm-none-eabi/13.2.1/../../../../arm-none-eabi/lib/thumb/v7e-m/nofp/libc.a
LOAD /opt/arm-gcc/bin/../lib/gcc/arm-none-eabi/13.2.1/../../../../arm-none-eabi/lib/thumb/v7e-m/nofp/libm.a
LOAD /opt/arm-gcc/bin/../lib/gcc/arm-none-eabi/13.2.1/thumb/v7e-m/nofp/libgcc.a

.comment        0x00000000       0xbd
 .comment       0x00000000       0xbd out/classA.o
                                 0x45 (size before relaxing)
 .comment       0x000000bd       0x45 out/main.o
 .comment       0x000000bd       0x45 out/tremo_it.o
 .comment       0x000000bd       0x45 out/printf-stdarg.o
 .comment       0x000000bd       0x45 out/system_cm4.o
 .comment       0x000000bd       0x45 out/tremo_delay.o
 .comment       0x000000bd       0x45 out/tremo_gpio.o
 .comment       0x000000bd       0x45 out/tremo_pwr.o
 .comment       0x000000bd       0x45 out/tremo_rcc.o
 .comment       0x000000bd       0x45 out/tremo_rtc.o
 .comment       0x000000bd       0x45 out/tremo_uart.o
 .comment       0x000000bd       0x45 out/delay.o
 .comment       0x000000bd       0x45 out/timer.o
 .comment       0x000000bd       0x45 out/cmac.o
 .comment       0x000000bd       0x45 out/radio.o
 .comment       0x000000bd       0x45 out/sx126x.o
 .comment       0x000000bd       0x45 out/rtc-board.o
 .comment       0x000000bd       0x45 out/sx1262-board.o
 .comment       0x000000bd       0x45 out/utilities.o
 .comment       0x000000bd       0x45 out/LoRaMac.o
 .comment       0x000000bd       0x45 out/LoRaMacClassB.o
 .comment       0x000000bd       0x45 out/LoRaMacConfirmQueue.o
 .comment       0x000000bd       0x45 out/LoRaMacCrypto.o
 .comment       0x000000bd       0x45 out/Region.o
 .comment       0x000000bd       0x45 out/RegionCommon.o
 .comment       0x000000bd       0x45 out/RegionEU433.o
 .comment       0x000000bd       0x7a /opt/ra08_custom/drivers/crypto/lib/libcrypto.a(aes.o)

.debug_info     0x00000000      0xc3a
 .debug_info    0x00000000      0xc3a /opt/ra08_custom/drivers/crypto/lib/libcrypto.a(aes.o)

.debug_abbrev   0x00000000      0x228
 .debug_abbrev  0x00000000      0x228 /opt/ra08_custom/drivers/crypto/lib/libcrypto.a(aes.o)

.debug_loc      0x00000000       0xe4
 .debug_loc     0x00000000       0xe4 /opt/ra08_custom/drivers/crypto/lib/libcrypto.a(aes.o)

.debug_aranges  0x00000000       0x20
 .debug_aranges
                0x00000000       0x20 /opt/ra08_custom/drivers/crypto/lib/libcrypto.a(aes.o)

.debug_line     0x00000000      0x268
 .debug_line    0x00000000      0x268 /opt/ra08_custom/drivers/crypto/lib/libcrypto.a(aes.o)

.debug_str      0x00000000      0x6ef
 .debug_str     0x00000000      0x6ef /opt/ra08_custom/drivers/crypto/lib/libcrypto.a(aes.o)
                                0x74e (size before relaxing)

.debug_frame    0x00000000      0x508
 .debug_frame   0x00000000       0x88 /opt/ra08_custom/drivers/crypto/lib/libcrypto.a(aes.o)
 .debug_frame   0x00000088       0xac /opt/arm-gcc/bin/../lib/gcc/arm-none-eabi/13.2.1/thumb/v7e-m/nofp/libgcc.a(_arm_addsubdf3.o)
 .debug_frame   0x00000134       0x50 /opt/arm-gcc/bin/../lib/gcc/arm-none-eabi/13.2.1/thumb/v7e-m/nofp/libgcc.a(_arm_muldivdf3.o)
 .debug_frame   0x00000184       0xc4 /opt/arm-gcc/bin/../lib/gcc/arm-none-eabi/13.2.1/thumb/v7e-m/nofp/libgcc.a(_arm_cmpdf2.o)
 .debug_frame   0x00000248       0x24 /opt/arm-gcc/bin/../lib/gcc/arm-none-eabi/13.2.1/thumb/v7e-m/nofp/libgcc.a(_arm_fixdfsi.o)
 .debug_frame   0x0000026c       0x24 /opt/arm-gcc/bin/../lib/gcc/arm-none-eabi/13.2.1/thumb/v7e-m/nofp/libgcc.a(_arm_fixunsdfsi.o)
 .debug_frame   0x00000290       0x2c /opt/arm-gcc/bin/../lib/gcc/arm-none-eabi/13.2.1/thumb/v7e-m/nofp/libgcc.a(_aeabi_uldivmod.o)
 .debug_frame   0x000002bc       0x2c /opt/arm-gcc/bin/../lib/gcc/arm-none-eabi/13.2.1/thumb/v7e-m/nofp/libgcc.a(_fixunsdfdi.o)
 .debug_frame   0x000002e8       0x34 /opt/arm-gcc/bin/../lib/gcc/arm-none-eabi/13.2.1/thumb/v7e-m/nofp/libgcc.a(_udivmoddi4.o)
 .debug_frame   0x0000031c       0x5c /opt/arm-gcc/bin/../lib/gcc/arm-none-eabi/13.2.1/../../../../arm-none-eabi/lib/thumb/v7e-m/nofp/libc.a(libc_a-__call_atexit.o)
 .debug_frame   0x00000378       0x2c /opt/arm-gcc/bin/../lib/gcc/arm-none-eabi/13.2.1/../../../../arm-none-eabi/lib/thumb/v7e-m/nofp/libc.a(libc_a-memset.o)
 .debug_frame   0x000003a4       0x2c /opt/arm-gcc/bin/../lib/gcc/arm-none-eabi/13.2.1/../../../../arm-none-eabi/lib/thumb/v7e-m/nofp/libc.a(libc_a-init.o)
 .debug_frame   0x000003d0       0x34 /opt/arm-gcc/bin/../lib/gcc/arm-none-eabi/13.2.1/../../../../arm-none-eabi/lib/thumb/v7e-m/nofp/libc.a(libc_a-fini.o)
 .debug_frame   0x00000404       0xb0 /opt/arm-gcc/bin/../lib/gcc/arm-none-eabi/13.2.1/../../../../arm-none-eabi/lib/thumb/v7e-m/nofp/libc.a(libc_a-lock.o)
 .debug_frame   0x000004b4       0x20 /opt/arm-gcc/bin/../lib/gcc/arm-none-eabi/13.2.1/../../../../arm-none-eabi/lib/thumb/v7e-m/nofp/libc.a(libc_a-atexit.o)
 .debug_frame   0x000004d4       0x34 /opt/arm-gcc/bin/../lib/gcc/arm-none-eabi/13.2.1/../../../../arm-none-eabi/lib/thumb/v7e-m/nofp/libc.a(libc_a-__atexit.o)

.debug_line_str
                0x00000000      0x1b1
 .debug_line_str
                0x00000000      0x1b1 /opt/arm-gcc/bin/../lib/gcc/arm-none-eabi/13.2.1/thumb/v7e-m/nofp/libgcc.a(_arm_addsubdf3.o)
                                 0xc4 (size before relaxing)
 .debug_line_str
                0x000001b1       0xc4 /opt/arm-gcc/bin/../lib/gcc/arm-none-eabi/13.2.1/thumb/v7e-m/nofp/libgcc.a(_arm_muldivdf3.o)
 .debug_line_str
                0x000001b1       0xc4 /opt/arm-gcc/bin/../lib/gcc/arm-none-eabi/13.2.1/thumb/v7e-m/nofp/libgcc.a(_arm_cmpdf2.o)
 .debug_line_str
                0x000001b1       0xc4 /opt/arm-gcc/bin/../lib/gcc/arm-none-eabi/13.2.1/thumb/v7e-m/nofp/libgcc.a(_arm_fixdfsi.o)
 .debug_line_str
                0x000001b1       0xc4 /opt/arm-gcc/bin/../lib/gcc/arm-none-eabi/13.2.1/thumb/v7e-m/nofp/libgcc.a(_arm_fixunsdfsi.o)
 .debug_line_str
                0x000001b1       0xbf /opt/arm-gcc/bin/../lib/gcc/arm-none-eabi/13.2.1/thumb/v7e-m/nofp/libgcc.a(_aeabi_uldivmod.o)
 .debug_line_str
                0x000001b1       0xc3 /opt/arm-gcc/bin/../lib/gcc/arm-none-eabi/13.2.1/thumb/v7e-m/nofp/libgcc.a(_dvmd_tls.o)
 .debug_line_str
                0x000001b1       0xd9 /opt/arm-gcc/bin/../lib/gcc/arm-none-eabi/13.2.1/../../../../arm-none-eabi/lib/thumb/v7e-m/nofp/libc.a(libc_a-memcpy.o)
